<testsuites id="" name="" tests="6" failures="0" skipped="0" errors="0" time="25.856077000000003">
<testsuite name="example.spec.js" timestamp="2024-07-29T20:04:15.839Z" hostname="chromium" tests="2" failures="0" skipped="0" time="16.439" errors="0">
<testcase name="has title" classname="example.spec.js" time="7.827">
</testcase>
<testcase name="get started link" classname="example.spec.js" time="8.612">
</testcase>
</testsuite>
<testsuite name="example.spec.js" timestamp="2024-07-29T20:04:15.839Z" hostname="firefox" tests="2" failures="0" skipped="0" time="18.022" errors="0">
<testcase name="has title" classname="example.spec.js" time="8.791">
</testcase>
<testcase name="get started link" classname="example.spec.js" time="9.231">
</testcase>
</testsuite>
<testsuite name="example.spec.js" timestamp="2024-07-29T20:04:15.839Z" hostname="webkit" tests="2" failures="0" skipped="0" time="13.582" errors="0">
<testcase name="has title" classname="example.spec.js" time="6.716">
</testcase>
<testcase name="get started link" classname="example.spec.js" time="6.866">
</testcase>
</testsuite>
</testsuites>